scripts/kconfig/conf --silentoldconfig Kconfig
  CHK     include/generated/uapi/linux/version.h
  UPD     include/generated/uapi/linux/version.h
  WRAP    arch/arm/include/generated/asm/auxvec.h
  WRAP    arch/arm/include/generated/asm/bitsperlong.h
  WRAP    arch/arm/include/generated/asm/cputime.h
  WRAP    arch/arm/include/generated/asm/current.h
  WRAP    arch/arm/include/generated/asm/emergency-restart.h
  WRAP    arch/arm/include/generated/asm/errno.h
  WRAP    arch/arm/include/generated/asm/exec.h
  WRAP    arch/arm/include/generated/asm/ioctl.h
  WRAP    arch/arm/include/generated/asm/ipcbuf.h
  WRAP    arch/arm/include/generated/asm/irq_regs.h
  WRAP    arch/arm/include/generated/asm/kdebug.h
  WRAP    arch/arm/include/generated/asm/local.h
  WRAP    arch/arm/include/generated/asm/msgbuf.h
  WRAP    arch/arm/include/generated/asm/param.h
  WRAP    arch/arm/include/generated/asm/parport.h
  WRAP    arch/arm/include/generated/asm/local64.h
  WRAP    arch/arm/include/generated/asm/poll.h
  WRAP    arch/arm/include/generated/asm/resource.h
  WRAP    arch/arm/include/generated/asm/sections.h
  WRAP    arch/arm/include/generated/asm/segment.h
  WRAP    arch/arm/include/generated/asm/sembuf.h
  WRAP    arch/arm/include/generated/asm/serial.h
  WRAP    arch/arm/include/generated/asm/shmbuf.h
  WRAP    arch/arm/include/generated/asm/siginfo.h
  WRAP    arch/arm/include/generated/asm/sizes.h
  WRAP    arch/arm/include/generated/asm/socket.h
  WRAP    arch/arm/include/generated/asm/sockios.h
  WRAP    arch/arm/include/generated/asm/termbits.h
  WRAP    arch/arm/include/generated/asm/termios.h
  WRAP    arch/arm/include/generated/asm/timex.h
  WRAP    arch/arm/include/generated/asm/types.h
  WRAP    arch/arm/include/generated/asm/trace_clock.h
  WRAP    arch/arm/include/generated/asm/unaligned.h
  HOSTCC  scripts/kallsyms
  HOSTCC  scripts/conmakehash
  HOSTCC  scripts/dtc/checks.o
  HOSTCC  scripts/dtc/data.o
  CC      scripts/mod/empty.o
  HOSTCC  scripts/sortextable
  HOSTCC  scripts/mod/mk_elfconfig
  SHIPPED scripts/dtc/dtc-lexer.lex.c
  CC      scripts/mod/devicetable-offsets.s
  SHIPPED scripts/dtc/dtc-parser.tab.h
  SHIPPED scripts/dtc/dtc-parser.tab.c
  HOSTCC  scripts/dtc/dtc.o
  HOSTCC  scripts/dtc/flattree.o
  HOSTCC  scripts/dtc/fstree.o
  HOSTCC  scripts/dtc/livetree.o
  HOSTCC  scripts/dtc/srcpos.o
  HOSTCC  scripts/dtc/treesource.o
  HOSTCC  scripts/dtc/util.o
  CHK     include/generated/utsrelease.h
  UPD     include/generated/utsrelease.h
  MKELF   scripts/mod/elfconfig.h
  HOSTCC  scripts/mod/modpost.o
  HOSTCC  scripts/mod/sumversion.o
  Generating include/generated/mach-types.h
  HOSTCC  scripts/dtc/dtc-lexer.lex.o
  HOSTCC  scripts/dtc/dtc-parser.tab.o
  CC      kernel/bounds.s
  GEN     scripts/mod/devicetable-offsets.h
  HOSTCC  scripts/mod/file2alias.o
  GEN     include/generated/bounds.h
  CC      arch/arm/kernel/asm-offsets.s
  HOSTLD  scripts/dtc/dtc
  HOSTLD  scripts/mod/modpost
  DTC     arch/arm/boot/dts/exynos4210-origen.dtb
  DTC     arch/arm/boot/dts/exynos4210-smdkv310.dtb
  DTC     arch/arm/boot/dts/exynos4210-trats.dtb
  DTC     arch/arm/boot/dts/exynos4210-universal_c210.dtb
  DTC     arch/arm/boot/dts/exynos4412-odroidx.dtb
  DTC     arch/arm/boot/dts/exynos4412-smdk4412.dtb
  DTC     arch/arm/boot/dts/exynos4412-origen.dtb
  DTC     arch/arm/boot/dts/exynos5250-arndale.dtb
  DTC     arch/arm/boot/dts/exynos5440-sd5v1.dtb
  DTC     arch/arm/boot/dts/exynos5250-smdk5250.dtb
  DTC     arch/arm/boot/dts/exynos5250-snow.dtb
  DTC     arch/arm/boot/dts/exynos5420-smdk5420.dtb
  DTC     arch/arm/boot/dts/exynos5440-ssdk5440.dtb
  GEN     include/generated/asm-offsets.h
  CALL    scripts/checksyscalls.sh
  CC      init/main.o
  CHK     include/generated/compile.h
  CC      init/do_mounts.o
  HOSTCC  usr/gen_init_cpio
  CC      init/do_mounts_initrd.o
  CC      init/do_mounts_rd.o
  CC      init/initramfs.o
  CC      arch/arm/vfp/vfpmodule.o
  CC      init/calibrate.o
  CC      arch/arm/kernel/elf.o
  AS      arch/arm/vfp/entry.o
  CC      init/init_task.o
  AS      arch/arm/vfp/vfphw.o
  AS      arch/arm/kernel/entry-common.o
  CC      arch/arm/mm/dma-mapping.o
  CC      arch/arm/common/firmware.o
  CC      arch/arm/mm/extable.o
  GEN     usr/initramfs_data.cpio
  CC      arch/arm/mm/fault.o
  CC      arch/arm/kernel/irq.o
  CC      arch/arm/mm/init.o
  UPD     include/generated/compile.h
  CC      arch/arm/kernel/opcodes.o
  AS      usr/initramfs_data.o
  LD      usr/built-in.o
  LD      arch/arm/net/built-in.o
  CC      arch/arm/kernel/process.o
  LD      arch/arm/crypto/built-in.o
  CC      init/version.o
  CC      arch/arm/kernel/ptrace.o
  CC      arch/arm/mm/iomap.o
  CC      arch/arm/mm/fault-armv.o
  CC      arch/arm/vfp/vfpsingle.o
  LD      arch/arm/common/built-in.o
  CC      arch/arm/mach-exynos/common.o
  CC      arch/arm/mach-exynos/pm.o
  CC      arch/arm/mm/flush.o
  CC      arch/arm/vfp/vfpdouble.o
  CC      arch/arm/mach-exynos/pm_domains.o
  CC      arch/arm/plat-samsung/init.o
  CC      arch/arm/mach-exynos/pmu.o
  CC      arch/arm/kernel/return_address.o
  CC      arch/arm/kernel/setup.o
  CC      arch/arm/kernel/signal.o
arch/arm/kernel/return_address.c:63:2: warning: #warning "TODO: return_address should use unwind tables" [-Wcpp]
  CC      arch/arm/kernel/stacktrace.o
  CC      arch/arm/mm/idmap.o
  CC      arch/arm/mm/ioremap.o
  CC      arch/arm/mm/mmap.o
  CC      arch/arm/mach-exynos/platsmp.o
  LD      arch/arm/vfp/vfp.o
  AS      arch/arm/mach-exynos/headsmp.o
  LD      arch/arm/vfp/built-in.o
  CC      arch/arm/kernel/sys_arm.o
  CC      arch/arm/mach-exynos/hotplug.o
  CC      kernel/fork.o
  AS      arch/arm/mach-exynos/exynos-smc.o
  CC      arch/arm/plat-samsung/cpu.o
  CC      arch/arm/plat-samsung/s5p-dev-mfc.o
  CC      arch/arm/plat-samsung/dma-ops.o
  CC      arch/arm/plat-samsung/pm.o
  CC      arch/arm/kernel/time.o
  CC      arch/arm/kernel/traps.o
  CC      arch/arm/plat-samsung/s5p-pm.o
  AS      arch/arm/plat-samsung/s5p-sleep.o
  CC      mm/filemap.o
  CC      arch/arm/mm/pgd.o
  CC      arch/arm/mach-exynos/firmware.o
  CC      arch/arm/mach-exynos/mach-exynos5-dt.o
  CC      fs/open.o
  CC      mm/mempool.o
  CC      mm/oom_kill.o
  CC      arch/arm/kernel/atags_parse.o
  CC      arch/arm/mm/mmu.o
  AS      arch/arm/kernel/entry-armv.o
  CC      arch/arm/kernel/armksyms.o
  CC      arch/arm/kernel/module.o
  AS      arch/arm/kernel/sleep.o
  CC      arch/arm/mm/proc-syms.o
  CC      arch/arm/mm/alignment.o
  LD      arch/arm/plat-samsung/built-in.o
  CC      mm/fadvise.o
  LD      arch/arm/mach-exynos/built-in.o
  AS      arch/arm/mm/abort-ev7.o
  LD      ipc/built-in.o
  CC      mm/maccess.o
  CC      security/commoncap.o
  AS      arch/arm/mm/pabort-v7.o
  LD      crypto/built-in.o
  AS      arch/arm/mm/cache-v7.o
  CC      block/elevator.o
  CC      block/blk-core.o
  CC      block/blk-tag.o
  CC      block/blk-sysfs.o
  CC      block/blk-flush.o
  LD      init/mounts.o
  LD      init/built-in.o
  CC      block/blk-settings.o
  CC      block/blk-ioc.o
  CC      arch/arm/kernel/suspend.o
  CC      block/blk-map.o
  CC      block/blk-exec.o
  CC      block/blk-merge.o
  CC      arch/arm/mm/copypage-v6.o
  CC      fs/read_write.o
  CC      arch/arm/kernel/smp.o
  CC      arch/arm/kernel/smp_tlb.o
  CC      arch/arm/kernel/smp_scu.o
  CC      security/min_addr.o
  CC      kernel/exec_domain.o
  CC      kernel/panic.o
  CC      kernel/cpu.o
  CC      kernel/exit.o
  CC      arch/arm/mm/context.o
  AS      arch/arm/mm/tlb-v7.o
  CC      arch/arm/kernel/arch_timer.o
  CC      block/blk-softirq.o
  AS      arch/arm/mm/proc-v7.o
  CC      arch/arm/kernel/sys_oabi-compat.o
  CC      kernel/itimer.o
  LD      security/built-in.o
  HZFILE  kernel/hz.bc
  CC      arch/arm/kernel/unwind.o
  CC      block/blk-timeout.o
  CC      block/blk-iopoll.o
  CC      arch/arm/kernel/devtree.o
  CC      arch/arm/kernel/swp_emulate.o
  CC      kernel/softirq.o
  CC      arch/arm/kernel/topology.o
  LD      arch/arm/mm/built-in.o
  CC      mm/page_alloc.o
  CC      drivers/amba/bus.o
  LD      sound/built-in.o
  CC      fs/file_table.o
  LD      firmware/built-in.o
  CC      arch/arm/kernel/io.o
  CC      block/blk-lib.o
  CC      net/nonet.o
  CC      fs/super.o
  CC      block/ioctl.o
  LD      arch/arm/lib/built-in.o
  AS      arch/arm/lib/ashldi3.o
  CC      kernel/resource.o
  AS      arch/arm/kernel/debug.o
  CC      fs/char_dev.o
  AS      arch/arm/lib/ashrdi3.o
  CC      arch/arm/kernel/early_printk.o
  AS      arch/arm/lib/backtrace.o
  AS      arch/arm/lib/call_with_stack.o
  AS      arch/arm/lib/changebit.o
  AS      arch/arm/kernel/hyp-stub.o
  LD      net/built-in.o
  AS      arch/arm/kernel/head.o
  LDS     arch/arm/kernel/vmlinux.lds
  AS      arch/arm/lib/clear_user.o
  AS      arch/arm/lib/clearbit.o
  CC      kernel/sysctl.o
  AS      arch/arm/lib/copy_from_user.o
  LD      drivers/auxdisplay/built-in.o
  LD      arch/arm/kernel/built-in.o
  CC      kernel/sysctl_binary.o
  CC      kernel/capability.o
  AS      arch/arm/lib/copy_page.o
  CC      kernel/ptrace.o
  LD      drivers/amba/built-in.o
  CC      drivers/base/core.o
  AS      arch/arm/lib/copy_to_user.o
  CC      kernel/timer.o
  AS      arch/arm/lib/csumipv6.o
  AS      arch/arm/lib/csumpartial.o
  AS      arch/arm/lib/csumpartialcopy.o
  AS      arch/arm/lib/csumpartialcopyuser.o
  CC      fs/stat.o
  CC      fs/exec.o
  AS      arch/arm/lib/delay-loop.o
  CC      mm/page-writeback.o
  CC      arch/arm/lib/delay.o
  CC      mm/readahead.o
  CC      block/genhd.o
  CC      drivers/block/brd.o
  CC      fs/pipe.o
  AS      arch/arm/lib/div64.o
  CC      fs/namei.o
  CC      kernel/user.o
  AS      arch/arm/lib/findbit.o
  AS      arch/arm/lib/getuser.o
  AS      arch/arm/lib/io-readsb.o
  AS      arch/arm/lib/io-readsl.o
  CC      block/scsi_ioctl.o
  AS      arch/arm/lib/io-readsw-armv4.o
  AS      arch/arm/lib/io-writesb.o
  CC      block/partition-generic.o
  CC      block/partitions/check.o
  AS      arch/arm/lib/io-writesl.o
  AS      arch/arm/lib/io-writesw-armv4.o
  AS      arch/arm/lib/lib1funcs.o
  AS      arch/arm/lib/lshrdi3.o
  CC      lib/bcd.o
  AS      arch/arm/lib/memchr.o
  CC      lib/div64.o
  AS      arch/arm/lib/memcpy.o
  AS      arch/arm/lib/memmove.o
  CC      kernel/signal.o
  CC      drivers/base/bus.o
  AS      arch/arm/lib/memset.o
  AS      arch/arm/lib/memzero.o
  CC      lib/sort.o
  AS      arch/arm/lib/muldi3.o
  CC      drivers/base/dd.o
  AS      arch/arm/lib/putuser.o
  CC      block/partitions/msdos.o
  AS      arch/arm/lib/setbit.o
  AS      arch/arm/lib/strchr.o
  AS      arch/arm/lib/strrchr.o
  CC      drivers/block/loop.o
  CC      kernel/sys.o
  AS      arch/arm/lib/testchangebit.o
  CC      lib/parser.o
  AS      arch/arm/lib/testclearbit.o
  AS      arch/arm/lib/testsetbit.o
  AS      arch/arm/lib/ucmpdi2.o
  AR      arch/arm/lib/lib.a
  CC      kernel/kmod.o
  CC      kernel/workqueue.o
  CC      kernel/pid.o
  CC      lib/halfmd4.o
  CC      kernel/task_work.o
  CC      kernel/rcupdate.o
  CC      lib/debug_locks.o
  CC      drivers/base/syscore.o
  CC      lib/random32.o
  CC      block/partitions/efi.o
  CC      mm/swap.o
  LD      drivers/bus/built-in.o
  LD      drivers/cdrom/built-in.o
  CC      kernel/extable.o
  CC      drivers/char/mem.o
  CC      drivers/char/random.o
  CC      drivers/char/misc.o
  CC      fs/fcntl.o
  CC      lib/bust_spinlocks.o
  CC      drivers/base/driver.o
  CC      fs/ioctl.o
  CC      fs/readdir.o
  CC      drivers/base/class.o
  CC      drivers/char/hw_random/core.o
  CC      lib/hexdump.o
  CC      drivers/base/platform.o
  LD      block/partitions/built-in.o
  CC      block/noop-iosched.o
  CC      lib/kasprintf.o
  CC      lib/bitmap.o
  LD      drivers/block/built-in.o
  CC      lib/scatterlist.o
  LD      drivers/char/hw_random/rng-core.o
  LD      drivers/char/hw_random/built-in.o
  CC      fs/select.o
  CC      fs/dcache.o
  CC      drivers/base/cpu.o
  CC      lib/gcd.o
  CC      fs/inode.o
  CC      lib/lcm.o
  CC      block/deadline-iosched.o
  CC      lib/list_sort.o
  CC      mm/truncate.o
  CC      fs/attr.o
  CC      mm/vmscan.o
  LD      drivers/char/built-in.o
  CC      drivers/clk/clk-devres.o
  CC      drivers/clk/clkdev.o
  CC      drivers/clk/clk.o
  CC      drivers/clk/clk-divider.o
  CC      drivers/base/firmware.o
  CC      drivers/clocksource/clksrc-of.o
  CC      drivers/dma/dmaengine.o
  CC      lib/uuid.o
  CC      kernel/params.o
  CC      drivers/clocksource/exynos_mct.o
  CC      drivers/base/init.o
  CC      drivers/base/map.o
  CC      block/cfq-iosched.o
  CC      lib/flex_array.o
  CC      kernel/posix-timers.o
  CC      drivers/clk/clk-fixed-factor.o
  CC      drivers/clk/clk-fixed-rate.o
  LD      drivers/firewire/built-in.o
  CC      drivers/clk/clk-gate.o
  CC      drivers/clocksource/arm_arch_timer.o
  CC      drivers/base/devres.o
  CC      drivers/clocksource/dummy_timer.o
  CC      kernel/kthread.o
  CC      kernel/wait.o
  CC      lib/iovec.o
  CC      lib/clz_ctz.o
  CC      kernel/sys_ni.o
  CC      kernel/posix-cpu-timers.o
  CC      kernel/mutex.o
  CC      lib/bsearch.o
  CC      kernel/hrtimer.o
  CC      kernel/rwsem.o
  CC      lib/find_last_bit.o
  CC      drivers/dma/of-dma.o
  CC      lib/find_next_bit.o
  CC      drivers/dma/pl330.o
  LD      drivers/clocksource/built-in.o
  CC      drivers/clk/clk-mux.o
  CC      fs/bad_inode.o
  CC      lib/llist.o
  CC      mm/shmem.o
  CC      lib/memweight.o
  CC      kernel/nsproxy.o
  CC      kernel/srcu.o
  CC      drivers/base/attribute_container.o
  CC      drivers/clk/clk-composite.o
  CC      lib/kfifo.o
  CC      drivers/clk/samsung/clk.o
  CC      fs/file.o
  CC      fs/filesystems.o
  CC      fs/namespace.o
  CC      drivers/clk/samsung/clk-pll.o
  CC      mm/util.o
  CC      kernel/semaphore.o
  CC      drivers/clk/samsung/clk-exynos5250.o
  CC      drivers/base/transport_class.o
  CC      kernel/notifier.o
  CC      kernel/ksysfs.o
  CC      drivers/clk/samsung/clk-exynos5420.o
  CC      lib/string_helpers.o
  CC      drivers/base/topology.o
  CC      lib/kstrtox.o
  CC      drivers/base/power/sysfs.o
  CC      drivers/base/dma-mapping.o
  CC      drivers/base/power/generic_ops.o
  CC      lib/pci_iomap.o
  CC      kernel/cred.o
  CC      kernel/reboot.o
  CC      lib/iomap_copy.o
  CC      drivers/clk/samsung/clk-exynos5440.o
  CC      lib/devres.o
  CC      kernel/async.o
  CC      fs/seq_file.o
  CC      drivers/base/dma-coherent.o
  CC      drivers/base/power/common.o
  CC      lib/spinlock_debug.o
  CC      kernel/range.o
  CC      drivers/clk/samsung/clk-exynos-audss.o
  CC      fs/xattr.o
  LD      block/built-in.o
  CC      drivers/base/firmware_class.o
  CC      drivers/base/module.o
  CC      lib/hweight.o
  CC      drivers/base/power/qos.o
  CC      fs/libfs.o
  CC      kernel/groups.o
  LD      drivers/clk/samsung/built-in.o
  LD      drivers/clk/built-in.o
  CC      mm/mmzone.o
  CC      mm/vmstat.o
  CC      lib/smp_processor_id.o
  LD      drivers/firmware/built-in.o
  CC      fs/fs-writeback.o
  CC      fs/pnode.o
  CC      drivers/gpio/devres.o
  LD      drivers/gpu/drm/i2c/built-in.o
  LD      drivers/dma/built-in.o
  LD      drivers/gpu/drm/built-in.o
  LD      drivers/gpu/vga/built-in.o
  CC      kernel/lglock.o
  LD      drivers/gpu/built-in.o
  CC      lib/bitrev.o
  CC      drivers/base/pinctrl.o
  CC      drivers/gpio/gpiolib.o
  CC      drivers/gpio/gpiolib-of.o
  CC      drivers/base/power/main.o
  CC      drivers/base/power/wakeup.o
  CC      lib/crc-ccitt.o
  HOSTCC  lib/gen_crc32table
  CC      kernel/smpboot.o
  CC      drivers/hid/hid-lg.o
  CC      drivers/base/power/opp.o
  CC      drivers/base/power/domain.o
  CC      lib/lz4/lz4_decompress.o
  CC      fs/splice.o
  LD      drivers/hsi/clients/built-in.o
  LD      drivers/hsi/built-in.o
  CC      mm/backing-dev.o
  CC      kernel/cpu/idle.o
  CC      fs/sync.o
  CC      fs/utimes.o
  CC      kernel/irq/irqdesc.o
  CC      mm/mm_init.o
  CC      kernel/irq/handle.o
  CC      fs/stack.o
  LD      drivers/gpio/built-in.o
  CC      mm/mmu_context.o
  CC      drivers/base/power/domain_governor.o
  CC      drivers/base/power/clock_ops.o
  LD      lib/lz4/built-in.o
  CC      lib/lzo/lzo1x_decompress_safe.o
  CC      drivers/hid/hid-core.o
  CC      fs/fs_struct.o
  CC      kernel/irq/manage.o
  CC      fs/statfs.o
  CC      lib/xz/xz_dec_syms.o
  LD      kernel/cpu/built-in.o
  CC      kernel/power/qos.o
  CC      mm/percpu.o
  LD      lib/lzo/lzo_decompress.o
  CC      mm/slab_common.o
  LD      lib/lzo/built-in.o
  CC      mm/compaction.o
  CC      fs/buffer.o
  CC      fs/bio.o
  CC      fs/block_dev.o
  CC      fs/direct-io.o
  CC      lib/zlib_inflate/inffast.o
  CC      lib/xz/xz_dec_stream.o
  CC      fs/mpage.o
  CC      lib/zlib_inflate/inflate.o
  LD      drivers/base/power/built-in.o
  LD      drivers/base/built-in.o
  CC      fs/ioprio.o
  CC      drivers/i2c/i2c-boardinfo.o
  CC      kernel/power/main.o
  CC      drivers/i2c/i2c-core.o
  CC      lib/xz/xz_dec_lzma2.o
  CC      mm/balloon_compaction.o
  CC      mm/interval_tree.o
  CC      kernel/irq/spurious.o
  CC      mm/fremap.o
  CC      lib/xz/xz_dec_bcj.o
  CC      mm/highmem.o
  CC      fs/proc_namespace.o
  CC      kernel/irq/resend.o
  CC      mm/madvise.o
  CC      drivers/hid/hid-input.o
  CC      kernel/power/console.o
  CC      kernel/power/process.o
  CC      lib/zlib_inflate/infutil.o
  CC      kernel/irq/chip.o
  CC      mm/memory.o
  CC      mm/mincore.o
  CC      mm/mlock.o
  CC      mm/mmap.o
  CC      fs/cramfs/inode.o
  CC      lib/zlib_inflate/inftrees.o
  CC      fs/cramfs/uncompress.o
  LD      lib/xz/xz_dec.o
  LD      lib/xz/built-in.o
  CC      lib/percpu_counter.o
  CC      kernel/power/suspend.o
  CC      kernel/power/poweroff.o
  CC      kernel/irq/dummychip.o
  CC      lib/zlib_inflate/inflate_syms.o
  CC      kernel/printk/printk.o
  CC      mm/mprotect.o
  CC      lib/syscall.o
  LD      lib/zlib_inflate/zlib_inflate.o
  LD      lib/zlib_inflate/built-in.o
  CC      kernel/irq/devres.o
  CC      kernel/irq/generic-chip.o
  LD      drivers/i2c/algos/built-in.o
  LD      drivers/i2c/busses/built-in.o
  LD      drivers/i2c/muxes/built-in.o
  LD      drivers/i2c/built-in.o
  CC      mm/mremap.o
  LD      drivers/idle/built-in.o
  CC      kernel/irq/autoprobe.o
  CC      kernel/irq/irqdomain.o
  CC      drivers/input/input.o
  CC      drivers/input/serio/serio.o
  CC      lib/strncpy_from_user.o
  CC      kernel/irq/proc.o
  LD      kernel/power/built-in.o
  CC      kernel/sched/core.o
  LD      fs/cramfs/cramfs.o
  LD      fs/cramfs/built-in.o
  CC      fs/devpts/inode.o
  CC      kernel/irq/pm.o
  CC      kernel/sched/proc.o
  CC      lib/strnlen_user.o
  CC      mm/msync.o
  LD      fs/exofs/built-in.o
  CC      lib/argv_split.o
  CC      fs/ext2/balloc.o
  CC      fs/ext2/dir.o
  CC      fs/ext2/file.o
  CC      fs/ext2/ialloc.o
  LD      kernel/irq/built-in.o
  CC      lib/bug.o
  CC      kernel/time/timekeeping.o
  CC      kernel/time/ntp.o
  LD      fs/devpts/devpts.o
  CC      mm/rmap.o
  LD      fs/devpts/built-in.o
  CC      drivers/input/serio/serport.o
  CC      fs/fat/cache.o
  CC      lib/cmdline.o
  CC      drivers/hid/hid-generic.o
  CC      fs/fat/dir.o
  CC      lib/cpumask.o
  CC      lib/ctype.o
  CC      fs/ext2/inode.o
  CC      lib/dec_and_lock.o
  CC      lib/decompress.o
  CC      drivers/hid/hid-a4tech.o
  CC      fs/ext2/ioctl.o
  CC      lib/decompress_bunzip2.o
  CC      lib/decompress_inflate.o
  CC      lib/decompress_unlz4.o
  LD      drivers/input/serio/built-in.o
  CC      lib/decompress_unlzma.o
  CC      lib/decompress_unlzo.o
  CC      kernel/time/clocksource.o
  LD      kernel/printk/built-in.o
  CC      kernel/freezer.o
  CC      drivers/input/input-compat.o
  CC      mm/vmalloc.o
  CC      lib/decompress_unxz.o
  CC      drivers/hid/hid-apple.o
  CC      fs/ext2/namei.o
  CC      drivers/input/input-mt.o
  CC      lib/dump_stack.o
  CC      lib/earlycpio.o
  CC      kernel/time/jiffies.o
  CC      kernel/mutex-debug.o
  CC      lib/extable.o
  CC      lib/flex_proportions.o
  CC      mm/pagewalk.o
  CC      lib/idr.o
  CC      lib/int_sqrt.o
  CC      drivers/hid/hid-belkin.o
  CC      lib/ioremap.o
  CC      kernel/time/timer_list.o
  CC      kernel/time/timeconv.o
  CC      kernel/futex.o
  CC      drivers/hid/hid-cherry.o
  CC      fs/ext2/super.o
  CC      drivers/input/ff-core.o
  CC      lib/irq_regs.o
  CC      kernel/rtmutex.o
  CC      kernel/time/posix-clock.o
  CC      fs/ext2/symlink.o
  CC      lib/is_single_threaded.o
  CC      lib/klist.o
  CC      drivers/hid/hid-chicony.o
  CC      mm/pgtable-generic.o
  CC      drivers/hid/hid-cypress.o
  CC      fs/fat/fatent.o
  CC      kernel/time/alarmtimer.o
  CC      lib/kobject.o
  CC      lib/kobject_uevent.o
  CC      drivers/input/mousedev.o
  CC      drivers/hid/hid-ezkey.o
  CC      lib/md5.o
  CC      lib/percpu-refcount.o
  CC      drivers/hid/hid-kensington.o
  CC      mm/process_vm_access.o
  CC      kernel/rtmutex-debug.o
  CC      kernel/time/clockevents.o
  CC      lib/plist.o
  LD      drivers/hid/hid-logitech.o
  CC      kernel/time/tick-common.o
  CC      drivers/hid/hid-microsoft.o
  CC      lib/prio_heap.o
  CC      lib/proportions.o
  CC      mm/init-mm.o
  CC      lib/radix-tree.o
  CC      drivers/hid/hid-monterey.o
  CC      lib/ratelimit.o
  CC      lib/rbtree.o
  CC      lib/reciprocal_div.o
  CC      mm/bootmem.o
  CC      kernel/smp.o
  LD      drivers/hid/hid.o
  CC      kernel/spinlock.o
  CC      lib/rwsem-spinlock.o
  CC      lib/sha1.o
  LD      drivers/hid/built-in.o
  CC      lib/show_mem.o
  CC      fs/fat/file.o
  CC      drivers/iommu/of_iommu.o
  CC      drivers/input/evdev.o
  LD      fs/ext2/ext2.o
  CC      kernel/time/tick-broadcast.o
  LD      fs/ext2/built-in.o
  CC      lib/string.o
  LD      drivers/input/touchscreen/built-in.o
  CC      fs/fat/inode.o
  CC      kernel/time/sched_clock.o
  CC      fs/nls/nls_base.o
  CC      fs/nls/nls_cp437.o
  CC      fs/nls/nls_ascii.o
  LD      drivers/iommu/built-in.o
  CC      kernel/uid16.o
  CC      lib/timerqueue.o
  CC      drivers/irqchip/irqchip.o
  LD      drivers/leds/built-in.o
  CC      kernel/module.o
  CC      kernel/kallsyms.o
  CC      kernel/utsname.o
  LD      drivers/input/input-core.o
  LD      drivers/input/built-in.o
  CC      kernel/pid_namespace.o
  CC      mm/memblock.o
  CC      kernel/sched/clock.o
  CC      kernel/time/tick-oneshot.o
  CC      lib/vsprintf.o
  CC      fs/nls/nls_iso8859-1.o
  CC      drivers/irqchip/exynos-combiner.o
  CC      drivers/irqchip/irq-gic.o
  CC      kernel/time/tick-sched.o
  CC      kernel/stop_machine.o
  CC      kernel/sched/cputime.o
  CC      kernel/sched/idle_task.o
  LD      fs/nls/built-in.o
  CC      fs/proc/task_mmu.o
  CC      fs/notify/fsnotify.o
  GEN     lib/crc32table.h
  LD      fs/quota/built-in.o
  CC      fs/ramfs/inode.o
  CC      fs/ramfs/file-mmu.o
  LD      drivers/lguest/built-in.o
  CC      kernel/hung_task.o
  CC      kernel/rcutree.o
  CC      kernel/sched/fair.o
  CC      fs/romfs/storage.o
  CC      fs/romfs/super.o
  CC      mm/page_io.o
  CC      mm/swap_state.o
  CC      fs/notify/notification.o
  CC      mm/swapfile.o
  LD      drivers/irqchip/built-in.o
  LD      fs/ramfs/ramfs.o
  LD      drivers/macintosh/built-in.o
  LD      fs/ramfs/built-in.o
  CC      kernel/utsname_sysctl.o
  LD      kernel/time/built-in.o
  CC      fs/sysfs/inode.o
  LD      drivers/media/common/b2c2/built-in.o
  LD      drivers/media/common/saa7146/built-in.o
  CC      fs/proc/inode.o
  LD      drivers/media/common/siano/built-in.o
  LD      drivers/media/common/built-in.o
  LD      drivers/media/firewire/built-in.o
  LD      drivers/media/i2c/soc_camera/built-in.o
  LD      drivers/media/i2c/built-in.o
  CC      fs/notify/group.o
  LD      drivers/media/mmc/siano/built-in.o
  LD      drivers/media/mmc/built-in.o
  LD      drivers/media/parport/built-in.o
  CC      kernel/elfcore.o
  LD      drivers/media/pci/b2c2/built-in.o
  LD      drivers/media/pci/ddbridge/built-in.o
  CC      mm/dmapool.o
  LD      drivers/media/pci/dm1105/built-in.o
  LD      drivers/media/pci/mantis/built-in.o
  CC      fs/notify/inode_mark.o
  LD      drivers/media/pci/ngene/built-in.o
  CC      fs/proc/root.o
  LD      fs/romfs/romfs.o
  LD      fs/romfs/built-in.o
  LD      drivers/media/pci/pluto2/built-in.o
  CC      fs/eventpoll.o
  CC      fs/fat/misc.o
  LD      drivers/media/pci/pt1/built-in.o
  LD      drivers/media/pci/saa7146/built-in.o
  LD      drivers/media/pci/ttpci/built-in.o
  CC      mm/sparse.o
  CC      fs/notify/mark.o
  LD      drivers/media/pci/built-in.o
  CC      fs/notify/vfsmount_mark.o
  CC      fs/sysfs/file.o
  LD      drivers/media/platform/davinci/built-in.o
  CC      lib/crc32.o
  LD      drivers/media/platform/built-in.o
  LD      drivers/media/rc/keymaps/built-in.o
  LD      drivers/media/rc/built-in.o
  LD      drivers/media/tuners/built-in.o
  LD      drivers/media/usb/b2c2/built-in.o
  LD      drivers/media/usb/dvb-usb/built-in.o
  LD      drivers/media/usb/dvb-usb-v2/built-in.o
  LD      drivers/media/usb/s2255/built-in.o
  CC      fs/notify/fdinfo.o
  LD      drivers/media/usb/siano/built-in.o
  LD      drivers/media/usb/stkwebcam/built-in.o
  CC      fs/proc/base.o
  LD      drivers/media/usb/ttusb-budget/built-in.o
  CC      fs/fat/nfs.o
  LD      drivers/media/usb/ttusb-dec/built-in.o
  CC      mm/slub.o
  LD      drivers/media/usb/zr364xx/built-in.o
  LD      drivers/media/usb/built-in.o
  AR      lib/lib.a
  CC      kernel/sched/rt.o
  CC      mm/migrate.o
  LD      drivers/media/built-in.o
  LD      drivers/mfd/built-in.o
  CC      kernel/sched/stop_task.o
  CC      fs/notify/dnotify/dnotify.o
  LD      fs/notify/fanotify/built-in.o
  LD      drivers/misc/carma/built-in.o
  CC      fs/proc/generic.o
  LD      drivers/misc/cb710/built-in.o
  LD      lib/built-in.o
  CC      fs/sysfs/dir.o
  LD      drivers/misc/eeprom/built-in.o
  LD      drivers/misc/lis3lv02d/built-in.o
  CC      kernel/sched/cpupri.o
  LD      drivers/misc/ti-st/built-in.o
  LD      drivers/misc/built-in.o
  LD      drivers/mmc/built-in.o
  LD      drivers/net/built-in.o
  LD      drivers/nfc/built-in.o
  CC      drivers/of/base.o
  CC      drivers/pinctrl/core.o
  CC      fs/fat/namei_msdos.o
  CC      fs/fat/namei_vfat.o
  LD      fs/notify/dnotify/built-in.o
  CC      fs/notify/inotify/inotify_fsnotify.o
  CC      fs/notify/inotify/inotify_user.o
  CC      fs/proc/array.o
  CC      kernel/irq_work.o
  CC      kernel/cpu_pm.o
  CC      fs/sysfs/symlink.o
  CC      fs/anon_inodes.o
  CC      kernel/sched/debug.o
  BC      kernel/timeconst.h
  CC      kernel/time.o
  CC      drivers/pinctrl/pinmux.o
  CC      fs/signalfd.o
  CC      fs/timerfd.o
  CC      drivers/of/device.o
  CC      fs/eventfd.o
  CC      fs/sysfs/mount.o
  CC      drivers/of/platform.o
  CC      drivers/of/fdt.o
  CC      drivers/of/address.o
  LD      fs/notify/inotify/built-in.o
  LD      fs/notify/built-in.o
  CC      drivers/of/irq.o
  CC      drivers/of/of_i2c.o
  CC      drivers/pinctrl/pinconf.o
  CC      fs/proc/fd.o
  CC      fs/proc/proc_tty.o
  CC      fs/proc/cmdline.o
  LD      fs/fat/fat.o
  LD      fs/fat/vfat.o
  CC      fs/proc/consoles.o
  LD      fs/fat/msdos.o
  LD      fs/fat/built-in.o
  CC      fs/proc/cpuinfo.o
  CC      fs/proc/devices.o
  CC      fs/proc/interrupts.o
  CC      fs/proc/loadavg.o
  CC      fs/aio.o
  LD      drivers/platform/built-in.o
  CC      fs/sysfs/bin.o
  CC      fs/sysfs/group.o
  CC      drivers/pinctrl/devicetree.o
  CC      fs/locks.o
  CC      fs/proc/meminfo.o
  LD      kernel/sched/built-in.o
  CC      fs/proc/stat.o
  LD      mm/built-in.o
  CC      fs/proc/uptime.o
  LD      drivers/pwm/built-in.o
  LD      drivers/of/built-in.o
  LD      kernel/built-in.o
  CC      drivers/rtc/rtc-lib.o
  CC      fs/proc/version.o
  CC      fs/proc/softirqs.o
  CC      drivers/pinctrl/pinctrl-samsung.o
  CC      fs/proc/namespaces.o
  CC      drivers/pinctrl/pinctrl-exynos.o
  CC      drivers/pinctrl/pinctrl-exynos5440.o
  CC      fs/proc/self.o
  CC      fs/proc/proc_sysctl.o
  CC      fs/binfmt_script.o
  CC      fs/proc/kmsg.o
  CC      fs/proc/page.o
  CC      fs/binfmt_elf.o
  LD      fs/sysfs/built-in.o
  LD      drivers/rtc/built-in.o
  CC      fs/posix_acl.o
  CC      fs/xattr_acl.o
  CC      drivers/scsi/scsi.o
  CC      drivers/scsi/hosts.o
  CC      drivers/scsi/scsi_ioctl.o
  CC      drivers/scsi/constants.o
  CC      drivers/scsi/scsicam.o
  CC      drivers/scsi/scsi_error.o
  CC      drivers/scsi/scsi_lib.o
  CC      drivers/scsi/scsi_lib_dma.o
  CC      drivers/tty/tty_io.o
  CC      drivers/scsi/scsi_scan.o
  CC      drivers/scsi/scsi_sysfs.o
  LD      drivers/pinctrl/built-in.o
  CC      drivers/scsi/scsi_devinfo.o
  CC      drivers/scsi/scsi_sysctl.o
  CC      drivers/scsi/scsi_proc.o
  CC      drivers/video/fb_notify.o
  LD      drivers/video/backlight/built-in.o
  CC      drivers/tty/n_tty.o
  LD      fs/proc/proc.o
  CC      drivers/video/console/dummycon.o
  CC      drivers/scsi/scsi_trace.o
  LD      fs/proc/built-in.o
  CC      fs/generic_acl.o
  LD      drivers/video/omap2/displays/built-in.o
  CC      fs/coredump.o
  LD      drivers/video/omap2/displays-new/built-in.o
  LD      drivers/video/omap2/built-in.o
  LD      drivers/video/console/built-in.o
  CC      fs/drop_caches.o
  LD      drivers/video/built-in.o
  CC      drivers/scsi/scsi_pm.o
  CC      drivers/scsi/sd.o
  LD      drivers/scsi/arm/built-in.o
  CC      drivers/scsi/sg.o
  CC      drivers/tty/tty_ioctl.o
  CC      drivers/tty/tty_ldisc.o
  CC      drivers/tty/tty_buffer.o
  CC      drivers/tty/tty_port.o
  CC      drivers/tty/tty_mutex.o
  CC      drivers/tty/tty_ldsem.o
  CC      drivers/tty/pty.o
  CC      drivers/tty/sysrq.o
  LD      drivers/tty/ipwireless/built-in.o
  CC      drivers/tty/serial/serial_core.o
  CC      drivers/tty/vt/vt_ioctl.o
  CC      drivers/tty/vt/vc_screen.o
  CC      drivers/tty/vt/selection.o
  CC      drivers/tty/vt/keyboard.o
  LD      fs/built-in.o
  CC      drivers/tty/vt/consolemap.o
  CONMK   drivers/tty/vt/consolemap_deftbl.c
  CC      drivers/tty/vt/vt.o
  SHIPPED drivers/tty/vt/defkeymap.c
  CC      drivers/tty/vt/consolemap_deftbl.o
  CC      drivers/tty/serial/8250/8250_core.o
  CC      drivers/tty/vt/defkeymap.o
  CC      drivers/tty/serial/samsung.o
  CC      drivers/tty/serial/8250/8250_dma.o
  LD      drivers/scsi/scsi_mod.o
  LD      drivers/scsi/sd_mod.o
  LD      drivers/scsi/built-in.o
  LD      drivers/tty/serial/8250/8250.o
  LD      drivers/tty/serial/8250/built-in.o
  LD      drivers/tty/serial/built-in.o
  LD      drivers/tty/vt/built-in.o
  LD      drivers/tty/built-in.o
  LD      drivers/built-in.o
  LINK    vmlinux
  LD      vmlinux.o
  MODPOST vmlinux.o
  GEN     .version
  CHK     include/generated/compile.h
  UPD     include/generated/compile.h
  CC      init/version.o
  LD      init/built-in.o
  KSYM    .tmp_kallsyms1.o
  KSYM    .tmp_kallsyms2.o
  LD      vmlinux
  SORTEX  vmlinux
  SYSMAP  System.map
  Building modules, stage 2.
  MODPOST 0 modules
  OBJCOPY arch/arm/boot/Image
  Kernel: arch/arm/boot/Image is ready
  AS      arch/arm/boot/compressed/head.o
  GZIP    arch/arm/boot/compressed/piggy.gzip
  CC      arch/arm/boot/compressed/misc.o
  CC      arch/arm/boot/compressed/decompress.o
  CC      arch/arm/boot/compressed/string.o
  SHIPPED arch/arm/boot/compressed/hyp-stub.S
arch/arm/boot/compressed/head.S: Assembler messages:
arch/arm/boot/compressed/head.S:1710: Warning: partial line at end of file ignored
  SHIPPED arch/arm/boot/compressed/lib1funcs.S
  SHIPPED arch/arm/boot/compressed/ashldi3.S
  AS      arch/arm/boot/compressed/hyp-stub.o
  AS      arch/arm/boot/compressed/lib1funcs.o
  AS      arch/arm/boot/compressed/ashldi3.o
  AS      arch/arm/boot/compressed/piggy.gzip.o
  LD      arch/arm/boot/compressed/vmlinux
  OBJCOPY arch/arm/boot/zImage
  Kernel: arch/arm/boot/zImage is ready
